// Jest Snapshot v1, https://goo.gl/fbAQLP

exports[`Dashboard render should render correctly 1`] = `
<div
  className="sc-fzoLsD jIDzto"
>
  <section
    className="sc-AxhCb ZaNiK"
  >
    <div
      className="sc-AxhUy hrMuFC"
    >
      <div
        className="sc-AxjAm cEVkqc"
      >
        <div>
          <label
            htmlFor="what_are_you_doing?"
            style={
              Object {
                "display": "none",
              }
            }
          >
            What are you doing?
          </label>
          <input
            placeholder="What are you doing?"
            type="text"
          />
        </div>
      </div>
      <div
        className="sc-AxjAm cEVkqc"
      >
        <div>
          <div
            className="sc-Axmtr gKmsNw"
          >
            <span>
              00:00:00
            </span>
            <div
              className="sc-AxheI jGfEct"
              kind="start"
              onClick={[Function]}
            >
              <svg
                height="15"
                viewBox="0 0 50 50"
                width="15"
              >
                <path
                  d="M28.682,12.087a4.188,4.188,0,0,1,7.254,0L56.741,48.109a4.188,4.188,0,0,1-3.627,6.283H11.5a4.188,4.188,0,0,1-3.627-6.283Z"
                  fill="#aaa"
                  transform="translate(54.392 -7.309) rotate(90)"
                />
              </svg>
            </div>
            <div
              className="sc-AxheI jGfEct"
              kind="stop"
              onClick={[Function]}
            >
              <svg
                height="15"
                viewBox="0 0 50 50"
                width="15"
              >
                <path
                  d="M4.237,0H45.763A4.237,4.237,0,0,1,50,4.237V45.763A4.237,4.237,0,0,1,45.763,50H4.237A4.237,4.237,0,0,1,0,45.763V4.237A4.237,4.237,0,0,1,4.237,0Z"
                  fill="#aaa"
                />
              </svg>
            </div>
          </div>
        </div>
      </div>
      <div
        className="sc-fzozJi ddqBGC"
      >
        <div>
          Today: 
          00:00:00
        </div>
      </div>
    </div>
    <div
      className="sc-AxhUy hrMuFC"
    >
      <div
        className="sc-AxirZ cBNplJ"
      >
        <svg
          width="65"
        />
        <svg
          width="65"
        />
        <svg
          width="65"
        />
        <svg
          width="65"
        />
        <svg
          width="65"
        />
        <svg
          width="65"
        />
        <svg
          width="65"
        />
      </div>
    </div>
  </section>
  <div
    className="sc-AxiKw hIppFK"
  >
    <svg
      height="100"
      viewBox="0 0 100 100"
      width="100"
    />
  </div>
  <div
    className="sc-AxhUy xsjHy"
    width="full"
  >
    <div
      className="sc-AxgMl jpVdqI"
    >
      <div
        className="day"
      >
        5/10/2020
        <br />
        0
      </div>
      <div
        className="day"
      >
        5/9/2020
        <br />
      </div>
      <div
        className="day"
      >
        5/8/2020
        <br />
      </div>
      <div
        className="day"
      >
        5/7/2020
        <br />
      </div>
      <div
        className="day"
      >
        5/6/2020
        <br />
      </div>
      <div
        className="day"
      >
        5/5/2020
        <br />
      </div>
      <div
        className="day"
      >
        5/4/2020
        <br />
      </div>
    </div>
  </div>
</div>
`;
