// Jest Snapshot v1, https://goo.gl/fbAQLP

exports[`Login render should render correctly 1`] = `
<div
  className="sc-AxjAm eYPXtS"
>
  <div>
    <div
      className="sc-AxhCb cEPLHb"
    >
      <h1>
        TIMEWARD
      </h1>
      <hr />
      <h2>
        DAY MANAGER & TIME TRACKER
      </h2>
      <form
        className="sc-AxirZ ieNPDt"
      >
        <div
          className="button-wrapper"
        >
          <div
            className="button login active"
            onClick={[Function]}
            role="button"
          >
            LOGIN
          </div>
          <div
            className="button signup "
            onClick={[Function]}
            role="button"
          >
            SIGN UP
          </div>
        </div>
        <label
          htmlFor="email"
          style={
            Object {
              "display": "none",
            }
          }
        >
          Email
        </label>
        <input
          onChange={[Function]}
          placeholder="Email"
          type="text"
        />
        <label
          htmlFor="password"
          style={
            Object {
              "display": "none",
            }
          }
        >
          Password
        </label>
        <input
          autoComplete="on"
          onChange={[Function]}
          onFocus={[Function]}
          placeholder="Password"
          type="password"
        />
        <input
          onClick={[Function]}
          type="submit"
          value="LOGIN"
        />
      </form>
    </div>
  </div>
</div>
`;
