// Jest Snapshot v1, https://goo.gl/fbAQLP

exports[`Login render should render correctly 1`] = `
<div
  className="sc-AxjAm czhxNj"
>
  <div>
    <div
      className="sc-AxhCb enlXMB"
    >
      <h1>
        TIMEWARD
      </h1>
      <hr />
      <h2>
        DAY MANAGER & TIME TRACKER
      </h2>
      <form
        className="sc-AxirZ gjSkbk"
      >
        <label>
          LOGIN
        </label>
        <input
          onChange={[Function]}
          placeholder="Email Address"
          type="text"
        />
        <input
          autoComplete="on"
          onChange={[Function]}
          placeholder="Password"
          type="password"
        />
        <input
          onClick={[Function]}
          type="submit"
          value="SUBMIT"
        />
      </form>
    </div>
  </div>
</div>
`;
