// Jest Snapshot v1, https://goo.gl/fbAQLP

exports[`App should render correctly 1`] = `
<div
  className="app"
>
  <header
    className="sc-fznKkj gMGjXP"
  >
    <h6>
      <a
        href="/dashboard"
        onClick={[Function]}
      >
        TIMEWARD
      </a>
    </h6>
    <nav>
      <a
        href="/login"
        onClick={[Function]}
      >
        Login
      </a>
    </nav>
  </header>
  <main
    className="sc-fznZeY bvwTAl"
  >
    <div
      className="sc-AxjAm czhxNj"
    >
      <div>
        <div
          className="sc-fznyAO cIZQjd"
        >
          <h1>
            TIMEWARD
          </h1>
          <hr />
          <h2>
            DAY MANAGER & TIME TRACKER
          </h2>
          <form
            className="sc-fzpans cwcucV"
          >
            <label>
              LOGIN
            </label>
            <input
              onChange={[Function]}
              placeholder="Email Address"
              type="text"
            />
            <input
              autoComplete="on"
              onChange={[Function]}
              placeholder="Password"
              type="password"
            />
            <input
              onClick={[Function]}
              type="submit"
              value="SUBMIT"
            />
          </form>
        </div>
      </div>
    </div>
  </main>
</div>
`;
