// Jest Snapshot v1, https://goo.gl/fbAQLP

exports[`App should render correctly 1`] = `
<div
  className="app"
>
  <header
    className="sc-AykKI ipZMMc"
  >
    <h5>
      TIMEWARD
    </h5>
    <nav>
      <a
        href="/dashboard"
        onClick={[Function]}
      >
        Dasbhoard
      </a>
      <a
        href="/login"
        onClick={[Function]}
      >
        Login
      </a>
    </nav>
  </header>
  <main
    className="sc-AykKJ bjPPvP"
  >
    <div
      className="sc-AykKH kyuWRJ"
    >
      <div
        className="sc-AykKC jXbYAx"
      >
        <div
          className="sc-AykKE gPOhkH"
        >
          <span>
            00:00:00
    
          </span>
          <div
            className="sc-AykKD lamqUN"
            onClick={[Function]}
          >
            <svg
              height="50"
              viewBox="0 0 44.398 50"
              width="44.398"
            >
              <path
                d="M28.682,12.087a4.188,4.188,0,0,1,7.254,0L56.741,48.109a4.188,4.188,0,0,1-3.627,6.283H11.5a4.188,4.188,0,0,1-3.627-6.283Z"
                fill="#aaa"
                transform="translate(54.392 -7.309) rotate(90)"
              />
            </svg>
          </div>
          <div
            className="sc-AykKD lamqUN"
            onClick={[Function]}
          >
            <svg
              height="50"
              viewBox="0 0 50 50"
              width="50"
            >
              <path
                d="M4.237,0H45.763A4.237,4.237,0,0,1,50,4.237V45.763A4.237,4.237,0,0,1,45.763,50H4.237A4.237,4.237,0,0,1,0,45.763V4.237A4.237,4.237,0,0,1,4.237,0Z"
                fill="#aaa"
              />
            </svg>
          </div>
        </div>
        <div
          className="sc-AykKF djlmek"
        >
          <div>
            Time Record
          </div>
          <div>
            Time Record
          </div>
          <div>
            Time Record
          </div>
        </div>
      </div>
      <div
        className="sc-AykKG bJtMuy"
      />
      <div
        className="sc-AykKC lmLzZA"
        width="full"
      >
        <div>
          Timeline
        </div>
      </div>
    </div>
  </main>
</div>
`;
