// Jest Snapshot v1, https://goo.gl/fbAQLP

exports[`App should render correctly 1`] = `
<div
  className="app"
>
  <header
    className="sc-AxiKw hkTZOj"
  >
    <h6>
      <a
        href="/dashboard"
        onClick={[Function]}
      >
        TIMEWARD
      </a>
    </h6>
    <nav>
      <a
        href="/dashboard"
        onClick={[Function]}
      >
        Dashboard
      </a>
      <a
        href="/login"
        onClick={[Function]}
      >
        Login
      </a>
    </nav>
  </header>
  <main
    className="sc-AxhCb etsDDZ"
  >
    <div>
      Loading...
    </div>
  </main>
</div>
`;
