// Jest Snapshot v1, https://goo.gl/fbAQLP

exports[`BarGraph should render correctly 1`] = `
<div
  className="sc-AxirZ cBNplJ"
>
  <svg
    width="65"
  >
    <rect
      fill="#000000"
      height="0%"
      id="bar-monday--1"
      width="100%"
      x="0"
      y="0%"
    />
    <rect
      fill="#111111"
      height="100%"
      id="bar-monday-0"
      width="100%"
      x="0"
      y="0%"
    />
  </svg>
  <svg
    width="65"
  >
    <rect
      fill="#000000"
      height="0%"
      id="bar-monday--1"
      width="100%"
      x="0"
      y="0%"
    />
    <rect
      fill="#111111"
      height="100%"
      id="bar-monday-0"
      width="100%"
      x="0"
      y="0%"
    />
  </svg>
  <svg
    width="65"
  >
    <rect
      fill="#000000"
      height="0%"
      id="bar-monday--1"
      width="100%"
      x="0"
      y="0%"
    />
    <rect
      fill="#111111"
      height="100%"
      id="bar-monday-0"
      width="100%"
      x="0"
      y="0%"
    />
  </svg>
  <svg
    width="65"
  >
    <rect
      fill="#000000"
      height="0%"
      id="bar-monday--1"
      width="100%"
      x="0"
      y="0%"
    />
    <rect
      fill="#111111"
      height="100%"
      id="bar-monday-0"
      width="100%"
      x="0"
      y="0%"
    />
  </svg>
  <svg
    width="65"
  >
    <rect
      fill="#000000"
      height="0%"
      id="bar-monday--1"
      width="100%"
      x="0"
      y="0%"
    />
    <rect
      fill="#111111"
      height="100%"
      id="bar-monday-0"
      width="100%"
      x="0"
      y="0%"
    />
  </svg>
  <svg
    width="65"
  >
    <rect
      fill="#000000"
      height="0%"
      id="bar-monday--1"
      width="100%"
      x="0"
      y="0%"
    />
    <rect
      fill="#111111"
      height="100%"
      id="bar-monday-0"
      width="100%"
      x="0"
      y="0%"
    />
  </svg>
  <svg
    width="65"
  >
    <rect
      fill="#000000"
      height="0%"
      id="bar-monday--1"
      width="100%"
      x="0"
      y="0%"
    />
    <rect
      fill="#111111"
      height="100%"
      id="bar-monday-0"
      width="100%"
      x="0"
      y="0%"
    />
  </svg>
</div>
`;
