// Jest Snapshot v1, https://goo.gl/fbAQLP

exports[`Form should render correctly 1`] = `
<form
  className="sc-AxjAm tWRmG"
>
  <div
    className="button-wrapper"
  >
    <div
      className="button login "
      onClick={[Function]}
      role="button"
    >
      LOGIN
    </div>
    <div
      className="button signup active"
      onClick={[Function]}
      role="button"
    >
      SIGN UP
    </div>
  </div>
  <input />
  <input
    onClick={[MockFunction]}
    type="submit"
    value="SIGN UP"
  />
</form>
`;
